🧬 loaded config '/etc/netbox/config/configuration.py'
🧬 loaded config '/etc/netbox/config/extra.py'
🧬 loaded config '/etc/netbox/config/logging.py'
🧬 loaded config '/etc/netbox/config/plugins.py'
✓ Created site: Xoc512 1Xopg512 Dp Liq (xoc512-1xopg512-dp-liq)

Topology Plan: Training XOC-512 1x OPG-512 Dual Plane Liquid 8srv
  ID: 51
  Status: draft
  Server Classes: 1
  Switch Classes: 6

✓ Recalculated switch quantities
  - be-plane-a-leaf: calculated=8 override=None effective=8
  - be-plane-b-leaf: calculated=8 override=None effective=8
  - fe-leaf: calculated=2 override=None effective=2
  - be-plane-a-spine: calculated=4 override=None effective=4
  - be-plane-b-spine: calculated=4 override=None effective=4
  - fe-spine: calculated=1 override=None effective=1

=== GENERATING OBJECTS ===

✓ Generation complete!

Created:
  Devices: 91
  Interfaces: 2304
  Cables: 1728

  Site: Xoc512 1Xopg512 Dp Liq
  Status: planned

  Tagged with: hedgehog-generated
  Custom field: hedgehog_plan_id=51

💡 Next steps:
  - View devices in NetBox UI
  - Filter by tag: hedgehog-generated
  - Or custom field: hedgehog_plan_id=51
  - Check cable connections
🧬 loaded config '/etc/netbox/config/configuration.py'
🧬 loaded config '/etc/netbox/config/extra.py'
🧬 loaded config '/etc/netbox/config/logging.py'
🧬 loaded config '/etc/netbox/config/plugins.py'

[OK] Export complete: /tmp/ra_pipeline/training_xoc512_1xopg512_dual_plane_liquid_8srv/netbox/plan_inventory.json
  plan_id:    51
  sha256:     c6ce83783fb838ffb67a5e542bc39c2c405604c7ed0aed3ca78523e6955a99c4
  bytes:      3564689
  lines:      144067
  devices:    91
  modules:    3424
  interfaces: 4086
  cables:     1728
🧬 loaded config '/etc/netbox/config/configuration.py'
🧬 loaded config '/etc/netbox/config/extra.py'
🧬 loaded config '/etc/netbox/config/logging.py'
🧬 loaded config '/etc/netbox/config/plugins.py'

[OK] Export complete: /tmp/ra_pipeline/training_xoc512_1xopg512_dual_plane_liquid_8srv/netbox/interface_connections.csv
  plan_id:    51
  sha256:     680c54002d7f99290f5a7380260a601aa685ff6a8758f13051f9d2905f4ee2e5
  bytes:      145210
  rows:       1728
