🧬 loaded config '/etc/netbox/config/configuration.py'
🧬 loaded config '/etc/netbox/config/extra.py'
🧬 loaded config '/etc/netbox/config/logging.py'
🧬 loaded config '/etc/netbox/config/plugins.py'
✓ Created site: Xoc1024 2Xopg512 Ro Liq (xoc1024-2xopg512-ro-liq)

Topology Plan: Training XOC-1024 2x OPG-512 Clos RO Liquid 8srv
  ID: 52
  Status: draft
  Server Classes: 1
  Switch Classes: 4

✓ Recalculated switch quantities
  - be-rail-leaf: calculated=16 override=None effective=16
  - fe-leaf: calculated=2 override=None effective=2
  - be-spine: calculated=8 override=None effective=8
  - fe-spine: calculated=1 override=None effective=1

=== GENERATING OBJECTS ===

✓ Generation complete!

Created:
  Devices: 155
  Interfaces: 2432
  Cables: 1856

  Site: Xoc1024 2Xopg512 Ro Liq
  Status: planned

  Tagged with: hedgehog-generated
  Custom field: hedgehog_plan_id=52

💡 Next steps:
  - View devices in NetBox UI
  - Filter by tag: hedgehog-generated
  - Or custom field: hedgehog_plan_id=52
  - Check cable connections
🧬 loaded config '/etc/netbox/config/configuration.py'
🧬 loaded config '/etc/netbox/config/extra.py'
🧬 loaded config '/etc/netbox/config/logging.py'
🧬 loaded config '/etc/netbox/config/plugins.py'

[OK] Export complete: /tmp/ra_pipeline/training_xoc1024_2xopg512_clos_ro_liquid_8srv/netbox/plan_inventory.json
  plan_id:    52
  sha256:     8cfd94c6ea8ef58e83720e1545ee6f8100dedc8e442cd90dbdca8ae690e1cc92
  bytes:      3912843
  lines:      160707
  devices:    155
  modules:    4160
  interfaces: 4342
  cables:     1856
🧬 loaded config '/etc/netbox/config/configuration.py'
🧬 loaded config '/etc/netbox/config/extra.py'
🧬 loaded config '/etc/netbox/config/logging.py'
🧬 loaded config '/etc/netbox/config/plugins.py'

[OK] Export complete: /tmp/ra_pipeline/training_xoc1024_2xopg512_clos_ro_liquid_8srv/netbox/interface_connections.csv
  plan_id:    52
  sha256:     48c60b544cffe985211940a37ec3bdd45fd742de2c51259c6bea83cd1538cb68
  bytes:      141498
  rows:       1856
