🧬 loaded config '/etc/netbox/config/configuration.py'
🧬 loaded config '/etc/netbox/config/extra.py'
🧬 loaded config '/etc/netbox/config/logging.py'
🧬 loaded config '/etc/netbox/config/plugins.py'
✓ Created site: Xoc256 2Xopg128 Clos Sh Liq (xoc256-2xopg128-clos-sh-liq)

Topology Plan: Training XOC-256 2x OPG-128 Clos SH Liquid 8srv
  ID: 47
  Status: draft
  Server Classes: 1
  Switch Classes: 4

✓ Recalculated switch quantities
  - be-leaf: calculated=4 override=None effective=4
  - fe-leaf: calculated=2 override=None effective=2
  - be-spine: calculated=2 override=None effective=2
  - fe-spine: calculated=1 override=None effective=1

=== GENERATING OBJECTS ===

✓ Generation complete!

Created:
  Devices: 41
  Interfaces: 704
  Cables: 512

  Site: Xoc256 2Xopg128 Clos Sh Liq
  Status: planned

  Tagged with: hedgehog-generated
  Custom field: hedgehog_plan_id=47

💡 Next steps:
  - View devices in NetBox UI
  - Filter by tag: hedgehog-generated
  - Or custom field: hedgehog_plan_id=47
  - Check cable connections
🧬 loaded config '/etc/netbox/config/configuration.py'
🧬 loaded config '/etc/netbox/config/extra.py'
🧬 loaded config '/etc/netbox/config/logging.py'
🧬 loaded config '/etc/netbox/config/plugins.py'

[OK] Export complete: /tmp/ra_pipeline/training_xoc256_2xopg128_clos_sh_liquid_8srv/netbox/plan_inventory.json
  plan_id:    47
  sha256:     2af174484083ddd0fdabf60448c6f29e6a70012168899e3d8bb26e1d3235742a
  bytes:      1081396
  lines:      44751
  devices:    41
  modules:    1136
  interfaces: 1234
  cables:     512
🧬 loaded config '/etc/netbox/config/configuration.py'
🧬 loaded config '/etc/netbox/config/extra.py'
🧬 loaded config '/etc/netbox/config/logging.py'
🧬 loaded config '/etc/netbox/config/plugins.py'

[OK] Export complete: /tmp/ra_pipeline/training_xoc256_2xopg128_clos_sh_liquid_8srv/netbox/interface_connections.csv
  plan_id:    47
  sha256:     b92b99e73e54fa523e03add63e4eb28cb9915232cdecef23d49c9796adcbbb7e
  bytes:      36744
  rows:       512
