🧬 loaded config '/etc/netbox/config/configuration.py'
🧬 loaded config '/etc/netbox/config/extra.py'
🧬 loaded config '/etc/netbox/config/logging.py'
🧬 loaded config '/etc/netbox/config/plugins.py'
✓ Created site: Xoc256 2Xopg128 Clos Ro Liq (xoc256-2xopg128-clos-ro-liq)

Topology Plan: Training XOC-256 2x OPG-128 Clos RO Liquid 8srv
  ID: 46
  Status: draft
  Server Classes: 1
  Switch Classes: 4

✓ Recalculated switch quantities
  - be-rail-leaf: calculated=4 override=None effective=4
  - fe-leaf: calculated=2 override=None effective=2
  - be-spine: calculated=2 override=None effective=2
  - fe-spine: calculated=1 override=None effective=1

=== GENERATING OBJECTS ===

✓ Generation complete!

Created:
  Devices: 41
  Interfaces: 704
  Cables: 512

  Site: Xoc256 2Xopg128 Clos Ro Liq
  Status: planned

  Tagged with: hedgehog-generated
  Custom field: hedgehog_plan_id=46

💡 Next steps:
  - View devices in NetBox UI
  - Filter by tag: hedgehog-generated
  - Or custom field: hedgehog_plan_id=46
  - Check cable connections
🧬 loaded config '/etc/netbox/config/configuration.py'
🧬 loaded config '/etc/netbox/config/extra.py'
🧬 loaded config '/etc/netbox/config/logging.py'
🧬 loaded config '/etc/netbox/config/plugins.py'

[OK] Export complete: /tmp/ra_pipeline/training_xoc256_2xopg128_clos_ro_liquid_8srv/netbox/plan_inventory.json
  plan_id:    46
  sha256:     3449e196e741507ea585358a10d94136147122b3aae984eadcd2dc88e61b7dd7
  bytes:      1088516
  lines:      44751
  devices:    41
  modules:    1136
  interfaces: 1234
  cables:     512
🧬 loaded config '/etc/netbox/config/configuration.py'
🧬 loaded config '/etc/netbox/config/extra.py'
🧬 loaded config '/etc/netbox/config/logging.py'
🧬 loaded config '/etc/netbox/config/plugins.py'

[OK] Export complete: /tmp/ra_pipeline/training_xoc256_2xopg128_clos_ro_liquid_8srv/netbox/interface_connections.csv
  plan_id:    46
  sha256:     27198c5d7e299aa38e40dbc7d4d815824e8ff12befc1077d3dbe1f0acfa750a8
  bytes:      38664
  rows:       512
