🧬 loaded config '/etc/netbox/config/configuration.py'
🧬 loaded config '/etc/netbox/config/extra.py'
🧬 loaded config '/etc/netbox/config/logging.py'
🧬 loaded config '/etc/netbox/config/plugins.py'

Topology Plan: Training opg128 Clos RO Liquid 8srv
  ID: 44
  Status: draft
  Server Classes: 1
  Switch Classes: 4

✓ Recalculated switch quantities
  - be-rail-leaf: calculated=2 override=None effective=2
  - fe-leaf: calculated=2 override=None effective=2
  - be-spine: calculated=1 override=None effective=1
  - fe-spine: calculated=1 override=None effective=1

=== GENERATING OBJECTS ===

✓ Generation complete!

Created:
  Devices: 22
  Interfaces: 416
  Cables: 288

  Site: Opg128 Clos Ro Liquid 8Srv
  Status: planned

  Tagged with: hedgehog-generated
  Custom field: hedgehog_plan_id=44

💡 Next steps:
  - View devices in NetBox UI
  - Filter by tag: hedgehog-generated
  - Or custom field: hedgehog_plan_id=44
  - Check cable connections
🧬 loaded config '/etc/netbox/config/configuration.py'
🧬 loaded config '/etc/netbox/config/extra.py'
🧬 loaded config '/etc/netbox/config/logging.py'
🧬 loaded config '/etc/netbox/config/plugins.py'

[OK] Export complete: /tmp/ra_pipeline/training_opg128_clos_ro_liquid_8srv/netbox/plan_inventory.json
  plan_id:    44
  sha256:     dec97fe9fa9fcb0cb7ced171a1e7047f77e92a9df574cf6e0ce24f0008d8333f
  bytes:      617682
  lines:      25425
  devices:    22
  modules:    632
  interfaces: 716
  cables:     288
🧬 loaded config '/etc/netbox/config/configuration.py'
🧬 loaded config '/etc/netbox/config/extra.py'
🧬 loaded config '/etc/netbox/config/logging.py'
🧬 loaded config '/etc/netbox/config/plugins.py'

[OK] Export complete: /tmp/ra_pipeline/training_opg128_clos_ro_liquid_8srv/netbox/interface_connections.csv
  plan_id:    44
  sha256:     4b85755a7925e015ae4f76bb0e595a8fee24034765b44336d202af95b213bd10
  bytes:      21533
  rows:       288
