🧬 loaded config '/etc/netbox/config/configuration.py'
🧬 loaded config '/etc/netbox/config/extra.py'
🧬 loaded config '/etc/netbox/config/logging.py'
🧬 loaded config '/etc/netbox/config/plugins.py'
✓ Created site: Xoc512 1Xopg512 Ro Liq (xoc512-1xopg512-ro-liq)

Topology Plan: Training XOC-512 1x OPG-512 Clos RO Liquid 8srv
  ID: 50
  Status: draft
  Server Classes: 1
  Switch Classes: 4

✓ Recalculated switch quantities
  - be-rail-leaf: calculated=8 override=None effective=8
  - fe-leaf: calculated=2 override=None effective=2
  - be-spine: calculated=4 override=None effective=4
  - fe-spine: calculated=1 override=None effective=1

=== GENERATING OBJECTS ===

✓ Generation complete!

Created:
  Devices: 79
  Interfaces: 1280
  Cables: 960

  Site: Xoc512 1Xopg512 Ro Liq
  Status: planned

  Tagged with: hedgehog-generated
  Custom field: hedgehog_plan_id=50

💡 Next steps:
  - View devices in NetBox UI
  - Filter by tag: hedgehog-generated
  - Or custom field: hedgehog_plan_id=50
  - Check cable connections
🧬 loaded config '/etc/netbox/config/configuration.py'
🧬 loaded config '/etc/netbox/config/extra.py'
🧬 loaded config '/etc/netbox/config/logging.py'
🧬 loaded config '/etc/netbox/config/plugins.py'

[OK] Export complete: /tmp/ra_pipeline/training_xoc512_1xopg512_clos_ro_liquid_8srv/netbox/plan_inventory.json
  plan_id:    50
  sha256:     03649f132c89090a0ae5d149ee8c4c5a2a66d793a4a11901ed1ef05937364581
  bytes:      2029769
  lines:      83403
  devices:    79
  modules:    2144
  interfaces: 2270
  cables:     960
🧬 loaded config '/etc/netbox/config/configuration.py'
🧬 loaded config '/etc/netbox/config/extra.py'
🧬 loaded config '/etc/netbox/config/logging.py'
🧬 loaded config '/etc/netbox/config/plugins.py'

[OK] Export complete: /tmp/ra_pipeline/training_xoc512_1xopg512_clos_ro_liquid_8srv/netbox/interface_connections.csv
  plan_id:    50
  sha256:     351c763890ab59c13ad2c69329dd8512001a74a5e36f6223c6e3c7cef979a97a
  bytes:      72942
  rows:       960
