🧬 loaded config '/etc/netbox/config/configuration.py'
🧬 loaded config '/etc/netbox/config/extra.py'
🧬 loaded config '/etc/netbox/config/logging.py'
🧬 loaded config '/etc/netbox/config/plugins.py'
Exporting wiring YAML for plan: Training XOC-512 1x OPG-512 Clos RO Liquid 8srv (ID: 50)

[OK] Export complete: /tmp/ra_pipeline/training_xoc512_1xopg512_clos_ro_liquid_8srv/wiring_tmp/wiring-backend.yaml
  plan_id:    50
  fabric:     backend
  timestamp:  2026-06-07T23:24:00.970254+00:00
  sha256:     76a700717d920c9d4d84b35e35e0da7ace74da430c0d7be2f34f12dfdd7146e3
  bytes:      198626
  lines:      9348
  documents:  622

[OK] Export complete: /tmp/ra_pipeline/training_xoc512_1xopg512_clos_ro_liquid_8srv/wiring_tmp/wiring-frontend.yaml
  plan_id:    50
  fabric:     frontend
  timestamp:  2026-06-07T23:24:19.623462+00:00
  sha256:     59f31e7605784629140a1db268ee3f120332e2aff8b2f2ec93a13af4924c709f
  bytes:      52265
  lines:      2651
  documents:  200
